// Jest Snapshot v1, https://goo.gl/fbAQLP

exports[`createDuck creates duck with all properties 1`] = `
{
  "actionTypes": [
    "mappedActionName",
    "duckName/actionName",
  ],
  "actions": {
    "actionName": [Function],
  },
  "initialState": {
    "listOfIds": [
      1,
      2,
      "3",
    ],
  },
  "name": "duckName",
  "reducer": [Function],
  "selectors": {
    "$": [Function],
  },
}
`;
